// Jest Snapshot v1, https://goo.gl/fbAQLP

exports[`process should process 1`] = `
Object {
  "code": "var __create = Object.create;
var __defProp = Object.defineProperty;
var __getOwnPropDesc = Object.getOwnPropertyDescriptor;
var __getOwnPropNames = Object.getOwnPropertyNames;
var __getProtoOf = Object.getPrototypeOf;
var __hasOwnProp = Object.prototype.hasOwnProperty;
var __markAsModule = (target) => __defProp(target, \\"__esModule\\", { value: true });
var __export = (target, all) => {
  __markAsModule(target);
  for (var name in all)
    __defProp(target, name, { get: all[name], enumerable: true });
};
var __reExport = (target, module2, desc) => {
  if (module2 && typeof module2 === \\"object\\" || typeof module2 === \\"function\\") {
    for (let key of __getOwnPropNames(module2))
      if (!__hasOwnProp.call(target, key) && key !== \\"default\\")
        __defProp(target, key, { get: () => module2[key], enumerable: !(desc = __getOwnPropDesc(module2, key)) || desc.enumerable });
  }
  return target;
};
var __toModule = (module2) => {
  return __reExport(__markAsModule(__defProp(module2 != null ? __create(__getProtoOf(module2)) : {}, \\"default\\", module2 && module2.__esModule && \\"default\\" in module2 ? { get: () => module2.default, enumerable: true } : { value: module2, enumerable: true })), module2);
};
__export(exports, {
  URL: () => import_url.URL,
  foo: () => foo,
  noop: () => import_noop3.default
});
var import_noop3 = __toModule(require(\\"noop3\\"));
var import_url = __toModule(require(\\"url\\"));
const foo = 42;
//# sourceMappingURL=data:application/json;base64,ewogICJ2ZXJzaW9uIjogMywKICAic291cmNlcyI6IFsiLi9udWxsLmpzIl0sCiAgInNvdXJjZXNDb250ZW50IjogWyJcbiAgICAgICAgZXhwb3J0IGNvbnN0IGZvbyA9ICA0MlxuICAgICAgICBleHBvcnQge2RlZmF1bHQgYXMgbm9vcH0gZnJvbSAnbm9vcDMnXG4gICAgICAgIGV4cG9ydCB7VVJMfSBmcm9tICd1cmwnXG4gICAgIl0sCiAgIm1hcHBpbmdzIjogIjs7Ozs7Ozs7Ozs7Ozs7Ozs7Ozs7Ozs7QUFBQTtBQUFBO0FBQUE7QUFBQTtBQUFBO0FBRVEsbUJBQThCO0FBQzlCLGlCQUFrQjtBQUZYLE1BQU0sTUFBTzsiLAogICJuYW1lcyI6IFtdCn0K
",
  "map": "",
}
`;
